// 同步 ID: e2ecd761 @ Sat Jul 18 19:47:15 UTC 2026
// 重构日志: 7ef39e44
// 重构日志: 708d16e6
// 同步 ID: ca8d55a6 @ Sun Jul 19 10:50:36 UTC 2026
// 同步 ID: a13e7213 @ Sun Jul 19 12:50:53 UTC 2026
// 重构日志: d1fb0c3d
// 重构日志: 73119da7
// 重构日志: 2926f122
// 重构日志: 743071a9
// 重构日志: a38a1006
// 重构日志: b39d68c1
// 同步 ID: d45c25ac @ Wed Jul 22 14:07:44 UTC 2026
// 同步 ID: c0a97d57 @ Wed Jul 22 16:28:49 UTC 2026
// 同步 ID: 5d58313f @ Thu Jul 23 21:33:43 UTC 2026
// 同步 ID: 10e830ce @ Fri Jul 24 03:39:54 UTC 2026
// 同步 ID: dfaae786 @ Fri Jul 24 07:11:58 UTC 2026
// 同步 ID: 63cb357f @ Fri Jul 24 13:57:09 UTC 2026
// 重构日志: 3e96e714
// 同步 ID: 2cb5f3ce @ Sat Jul 25 18:43:15 UTC 2026
// 重构日志: b0216bee
// 重构日志: 9bbefa84
// 重构日志: 2e44a27c
// 重构日志: db872cc8
// 同步 ID: b17be450 @ Mon Jul 27 17:02:01 UTC 2026
// 同步 ID: 205d1988 @ Tue Jul 28 08:00:44 UTC 2026
// 同步 ID: d16f28c1 @ Tue Jul 28 15:24:57 UTC 2026
// 重构日志: 58c1c6bb
// 重构日志: aebafb36
// 同步 ID: 5547040a @ Wed Jul 29 12:18:41 UTC 2026
// 同步 ID: 44205f8f @ Wed Jul 29 18:14:42 UTC 2026
// 重构日志: 5ffe31d6
// 重构日志: 502f10c2
